// Jest Snapshot v1, https://goo.gl/fbAQLP

exports[`<Main  /> should match the snapshot 1`] = `
<h1
  class="makeStyles-h1-1"
>
  TODO
</h1>
`;
